{
  "schema": "spanfold.comparison.result",
  "schemaVersion": 0,
  "artifact": "result",
  "isValid": true,
  "knownAt": null,
  "evaluationHorizon": null,
  "plan": {
    "name": "Provider QA",
    "isStrict": false,
    "isSerializable": true,
    "target": {
      "name": "source:provider-a",
      "description": "source = provider-a",
      "isSerializable": true
    },
    "against": [
      {
        "name": "source:provider-b",
        "description": "source = provider-b",
        "isSerializable": true
      }
    ],
    "scope": {
      "windowName": "DeviceOffline",
      "timeAxis": "ProcessingPosition"
    },
    "normalization": {
      "requireClosedWindows": true,
      "useHalfOpenRanges": true,
      "timeAxis": "ProcessingPosition",
      "openWindowPolicy": "RequireClosed",
      "openWindowHorizon": null,
      "nullTimestampPolicy": "Reject",
      "coalesceAdjacentWindows": false,
      "duplicateWindowPolicy": "Preserve",
      "knownAt": null
    },
    "comparators": [
      "overlap",
      "residual",
      "coverage"
    ],
    "output": {
      "includeAlignedSegments": true,
      "includeExplainData": true
    },
    "diagnostics": [
      {
        "code": "UnknownComparator",
        "message": "Comparator \u0027shape\u0027 is not registered.",
        "path": "comparators[3]",
        "severity": "Warning"
      }
    ]
  },
  "diagnostics": [
    {
      "code": "UnknownComparator",
      "message": "Comparator \u0027shape\u0027 is not registered.",
      "path": "comparators[3]",
      "severity": "Warning"
    }
  ],
  "prepared": {
    "selectedWindows": [
      {
        "recordId": "<record-id:1>",
        "windowName": "DeviceOffline",
        "key": {
          "type": "System.String",
          "value": "device-1"
        },
        "source": {
          "type": "System.String",
          "value": "provider-a"
        },
        "partition": null,
        "startPosition": 1,
        "endPosition": 5,
        "startTime": null,
        "endTime": null,
        "isClosed": true
      },
      {
        "recordId": "<record-id:2>",
        "windowName": "DeviceOffline",
        "key": {
          "type": "System.String",
          "value": "device-1"
        },
        "source": {
          "type": "System.String",
          "value": "provider-b"
        },
        "partition": null,
        "startPosition": 3,
        "endPosition": 7,
        "startTime": null,
        "endTime": null,
        "isClosed": true
      }
    ],
    "excludedWindows": [],
    "normalizedWindows": [
      {
        "recordId": "<record-id:1>",
        "selectorName": "source:provider-a",
        "side": "Target",
        "range": {
          "axis": "ProcessingPosition",
          "start": {
            "axis": "ProcessingPosition",
            "position": 1
          },
          "end": {
            "axis": "ProcessingPosition",
            "position": 5
          },
          "endStatus": "Closed"
        },
        "window": {
          "recordId": "<record-id:1>",
          "windowName": "DeviceOffline",
          "key": {
            "type": "System.String",
            "value": "device-1"
          },
          "source": {
            "type": "System.String",
            "value": "provider-a"
          },
          "partition": null,
          "startPosition": 1,
          "endPosition": 5,
          "startTime": null,
          "endTime": null,
          "isClosed": true
        }
      },
      {
        "recordId": "<record-id:2>",
        "selectorName": "source:provider-b",
        "side": "Against",
        "range": {
          "axis": "ProcessingPosition",
          "start": {
            "axis": "ProcessingPosition",
            "position": 3
          },
          "end": {
            "axis": "ProcessingPosition",
            "position": 7
          },
          "endStatus": "Closed"
        },
        "window": {
          "recordId": "<record-id:2>",
          "windowName": "DeviceOffline",
          "key": {
            "type": "System.String",
            "value": "device-1"
          },
          "source": {
            "type": "System.String",
            "value": "provider-b"
          },
          "partition": null,
          "startPosition": 3,
          "endPosition": 7,
          "startTime": null,
          "endTime": null,
          "isClosed": true
        }
      }
    ]
  },
  "aligned": {
    "segments": [
      {
        "segmentId": "segment[0]",
        "windowName": "DeviceOffline",
        "key": {
          "type": "System.String",
          "value": "device-1"
        },
        "partition": null,
        "range": {
          "axis": "ProcessingPosition",
          "start": {
            "axis": "ProcessingPosition",
            "position": 1
          },
          "end": {
            "axis": "ProcessingPosition",
            "position": 3
          },
          "endStatus": "Closed"
        },
        "targetRecordIds": [
          "<record-id:1>"
        ],
        "againstRecordIds": []
      },
      {
        "segmentId": "segment[1]",
        "windowName": "DeviceOffline",
        "key": {
          "type": "System.String",
          "value": "device-1"
        },
        "partition": null,
        "range": {
          "axis": "ProcessingPosition",
          "start": {
            "axis": "ProcessingPosition",
            "position": 3
          },
          "end": {
            "axis": "ProcessingPosition",
            "position": 5
          },
          "endStatus": "Closed"
        },
        "targetRecordIds": [
          "<record-id:1>"
        ],
        "againstRecordIds": [
          "<record-id:2>"
        ]
      },
      {
        "segmentId": "segment[2]",
        "windowName": "DeviceOffline",
        "key": {
          "type": "System.String",
          "value": "device-1"
        },
        "partition": null,
        "range": {
          "axis": "ProcessingPosition",
          "start": {
            "axis": "ProcessingPosition",
            "position": 5
          },
          "end": {
            "axis": "ProcessingPosition",
            "position": 7
          },
          "endStatus": "Closed"
        },
        "targetRecordIds": [],
        "againstRecordIds": [
          "<record-id:2>"
        ]
      }
    ]
  },
  "comparatorSummaries": [
    {
      "comparatorName": "overlap",
      "rowCount": 1
    },
    {
      "comparatorName": "residual",
      "rowCount": 1
    },
    {
      "comparatorName": "coverage",
      "rowCount": 2
    }
  ],
  "rows": {
    "overlap": [
      {
        "rowId": "overlap[0]",
        "finality": "Final",
        "windowName": "DeviceOffline",
        "key": {
          "type": "System.String",
          "value": "device-1"
        },
        "partition": null,
        "range": {
          "axis": "ProcessingPosition",
          "start": {
            "axis": "ProcessingPosition",
            "position": 3
          },
          "end": {
            "axis": "ProcessingPosition",
            "position": 5
          },
          "endStatus": "Closed"
        },
        "targetRecordIds": [
          "<record-id:1>"
        ],
        "againstRecordIds": [
          "<record-id:2>"
        ]
      }
    ],
    "residual": [
      {
        "rowId": "residual[0]",
        "finality": "Final",
        "windowName": "DeviceOffline",
        "key": {
          "type": "System.String",
          "value": "device-1"
        },
        "partition": null,
        "range": {
          "axis": "ProcessingPosition",
          "start": {
            "axis": "ProcessingPosition",
            "position": 1
          },
          "end": {
            "axis": "ProcessingPosition",
            "position": 3
          },
          "endStatus": "Closed"
        },
        "targetRecordIds": [
          "<record-id:1>"
        ]
      }
    ],
    "missing": [],
    "coverage": [
      {
        "rowId": "coverage[0]",
        "finality": "Final",
        "windowName": "DeviceOffline",
        "key": {
          "type": "System.String",
          "value": "device-1"
        },
        "partition": null,
        "range": {
          "axis": "ProcessingPosition",
          "start": {
            "axis": "ProcessingPosition",
            "position": 1
          },
          "end": {
            "axis": "ProcessingPosition",
            "position": 3
          },
          "endStatus": "Closed"
        },
        "targetMagnitude": 2,
        "coveredMagnitude": 0,
        "targetRecordIds": [
          "<record-id:1>"
        ],
        "againstRecordIds": []
      },
      {
        "rowId": "coverage[1]",
        "finality": "Final",
        "windowName": "DeviceOffline",
        "key": {
          "type": "System.String",
          "value": "device-1"
        },
        "partition": null,
        "range": {
          "axis": "ProcessingPosition",
          "start": {
            "axis": "ProcessingPosition",
            "position": 3
          },
          "end": {
            "axis": "ProcessingPosition",
            "position": 5
          },
          "endStatus": "Closed"
        },
        "targetMagnitude": 2,
        "coveredMagnitude": 2,
        "targetRecordIds": [
          "<record-id:1>"
        ],
        "againstRecordIds": [
          "<record-id:2>"
        ]
      }
    ],
    "gap": [],
    "symmetricDifference": [],
    "containment": [],
    "leadLag": [],
    "asOf": []
  },
  "rowFinalities": [],
  "extensionMetadata": [],
  "coverageSummaries": [
    {
      "windowName": "DeviceOffline",
      "key": {
        "type": "System.String",
        "value": "device-1"
      },
      "partition": null,
      "targetMagnitude": 4,
      "coveredMagnitude": 2,
      "coverageRatio": 0.5
    }
  ],
  "leadLagSummaries": []
}
--- markdown ---
# Comparison Explain: Provider QA

## Plan
- name: Provider QA
- strict: false
- serializable: true
- target: source:provider-a (source = provider-a; serializable=true)
- against: 1
- against[0]: source:provider-b (source = provider-b; serializable=true)
- scope: window=DeviceOffline; axis=ProcessingPosition
- normalization: axis=ProcessingPosition; requireClosed=true; halfOpen=true; openPolicy=RequireClosed; horizon=<none>; nullTimestamp=Reject; coalesceAdjacent=false; duplicatePolicy=Preserve; knownAt=<none>
- comparators: overlap, residual, coverage
- output: alignedSegments=true; explainData=true
- diagnostics: 1
- diagnostic[0]: Warning UnknownComparator at comparators[3]: Comparator 'shape' is not registered.

## Preparation
- selected windows: 2
- excluded windows: 0
- normalized windows: 2
- selected[0]: record=<record-id:1>; window=DeviceOffline; key=System.String:device-1; source=System.String:provider-a; partition=<null>; startPosition=1; endPosition=5; startTime=<null>; endTime=<null>
- selected[1]: record=<record-id:2>; window=DeviceOffline; key=System.String:device-1; source=System.String:provider-b; partition=<null>; startPosition=3; endPosition=7; startTime=<null>; endTime=<null>
- normalized[0]: record=<record-id:1>; side=Target; selector=source:provider-a; range=[pos:1, pos:5) endStatus=Closed
- normalized[1]: record=<record-id:2>; side=Against; selector=source:provider-b; range=[pos:3, pos:7) endStatus=Closed

## Alignment
- segments: 3
- segment[0]: window=DeviceOffline; key=System.String:device-1; partition=<null>; range=[pos:1, pos:3) endStatus=Closed; target=[<record-id:1>]; against=[]
- segment[1]: window=DeviceOffline; key=System.String:device-1; partition=<null>; range=[pos:3, pos:5) endStatus=Closed; target=[<record-id:1>]; against=[<record-id:2>]
- segment[2]: window=DeviceOffline; key=System.String:device-1; partition=<null>; range=[pos:5, pos:7) endStatus=Closed; target=[]; against=[<record-id:2>]

## Result
- valid: true
- evaluation horizon: <none>
- summaries: 3
- overlap rows: 1
- residual rows: 1
- missing rows: 0
- coverage rows: 2
- coverage summaries: 1
- gap rows: 0
- symmetric difference rows: 0
- containment rows: 0
- lead lag rows: 0
- lead lag summaries: 0
- as of rows: 0
- row finalities: 0
- extension metadata: 0
- summary[0]: overlap rows=1
- summary[1]: residual rows=1
- summary[2]: coverage rows=2
- overlap[0]: window=DeviceOffline; key=System.String:device-1; partition=<null>; range=[pos:3, pos:5) endStatus=Closed; target=[<record-id:1>]; against=[<record-id:2>]
- residual[0]: window=DeviceOffline; key=System.String:device-1; partition=<null>; range=[pos:1, pos:3) endStatus=Closed; target=[<record-id:1>]
- coverage[0]: window=DeviceOffline; key=System.String:device-1; partition=<null>; range=[pos:1, pos:3) endStatus=Closed; targetMagnitude=2; coveredMagnitude=0; target=[<record-id:1>]; against=[]
- coverage[1]: window=DeviceOffline; key=System.String:device-1; partition=<null>; range=[pos:3, pos:5) endStatus=Closed; targetMagnitude=2; coveredMagnitude=2; target=[<record-id:1>]; against=[<record-id:2>]
- coverageSummary[0]: window=DeviceOffline; key=System.String:device-1; partition=<null>; targetMagnitude=4; coveredMagnitude=2; ratio=0.5
